2026-04-10 21:58:34 [main] INFO  BaseTest - Initializing Test Setup...
2026-04-10 21:58:34 [main] INFO  ConfigReader - Configuration loaded successfully from: src/test/resources/config.properties
2026-04-10 21:58:34 [main] INFO  ConfigReader - Fetching config -> base.url = https://petstore.swagger.io/v2
2026-04-10 21:58:35 [main] INFO  BaseTest - Base URI set to: https://petstore.swagger.io/v2
2026-04-10 21:58:35 [main] INFO  PetTests - Initialized test data -> ID: 1860, Name: pet_1860
2026-04-10 21:58:35 [main] INFO  PetTests - Starting Negative User Test
2026-04-10 21:58:41 [main] INFO  PetTests - Create user response code: 200
2026-04-10 21:58:44 [main] INFO  PetTests - Login response: {"code":200,"type":"unknown","message":"logged in user session:1775838525254"}
2026-04-10 21:58:44 [main] INFO  BaseTest - Initializing Test Setup...
2026-04-10 21:58:44 [main] INFO  ConfigReader - Fetching config -> base.url = https://petstore.swagger.io/v2
2026-04-10 21:58:44 [main] INFO  BaseTest - Base URI set to: https://petstore.swagger.io/v2
2026-04-10 21:58:44 [main] INFO  PetTests - Initialized test data -> ID: 92097, Name: pet_92097
2026-04-10 21:58:44 [main] INFO  PetTests - Starting Cross Endpoint Test
2026-04-10 21:58:53 [main] INFO  BaseTest - Initializing Test Setup...
2026-04-10 21:58:53 [main] INFO  ConfigReader - Fetching config -> base.url = https://petstore.swagger.io/v2
2026-04-10 21:58:53 [main] INFO  BaseTest - Base URI set to: https://petstore.swagger.io/v2
2026-04-10 21:58:53 [main] INFO  PetTests - Initialized test data -> ID: 17402, Name: pet_17402
2026-04-10 21:58:53 [main] INFO  PetTests - Starting Inventory Test
2026-04-10 21:58:58 [main] INFO  PetTests - Inventory count: 512, API count: 512
2026-04-10 21:58:58 [main] INFO  BaseTest - Initializing Test Setup...
2026-04-10 21:58:58 [main] INFO  ConfigReader - Fetching config -> base.url = https://petstore.swagger.io/v2
2026-04-10 21:58:58 [main] INFO  BaseTest - Base URI set to: https://petstore.swagger.io/v2
2026-04-10 21:58:58 [main] INFO  PetTests - Initialized test data -> ID: 53349, Name: pet_53349
2026-04-10 21:58:58 [main] INFO  PetTests - Starting Pet Lifecycle Test
2026-04-10 21:59:06 [main] INFO  PetTests - Pet Lifecycle Test Completed
2026-04-10 21:59:08 [main] INFO  ExtentManager - Initializing Extent Report at: target/ExtentReport_20260410_215908.html
2026-04-10 21:59:09 [main] INFO  ExtentManager - Extent Report initialized successfully
2026-04-10 22:03:22 [main] INFO  BaseTest - Initializing Test Setup...
2026-04-10 22:03:22 [main] INFO  ConfigReader - Configuration loaded successfully from: src/test/resources/config.properties
2026-04-10 22:03:22 [main] INFO  ConfigReader - Fetching config -> base.url = https://petstore.swagger.io/v2
2026-04-10 22:03:23 [main] INFO  BaseTest - Base URI set to: https://petstore.swagger.io/v2
2026-04-10 22:03:23 [main] INFO  PetTests - Initialized test data -> ID: 35649, Name: pet_35649
2026-04-10 22:03:23 [main] INFO  PetTests - Starting Negative User Test
2026-04-10 22:03:29 [main] INFO  PetTests - Create user response code: 200
2026-04-10 22:03:33 [main] INFO  PetTests - Login response: {"code":200,"type":"unknown","message":"logged in user session:1775838814530"}
2026-04-10 22:03:33 [main] INFO  BaseTest - Initializing Test Setup...
2026-04-10 22:03:33 [main] INFO  ConfigReader - Fetching config -> base.url = https://petstore.swagger.io/v2
2026-04-10 22:03:33 [main] INFO  BaseTest - Base URI set to: https://petstore.swagger.io/v2
2026-04-10 22:03:33 [main] INFO  PetTests - Initialized test data -> ID: 16862, Name: pet_16862
2026-04-10 22:03:33 [main] INFO  PetTests - Starting Cross Endpoint Test
2026-04-10 22:03:45 [main] INFO  PetTests - Cross Endpoint Test Completed
2026-04-10 22:03:45 [main] INFO  BaseTest - Initializing Test Setup...
2026-04-10 22:03:45 [main] INFO  ConfigReader - Fetching config -> base.url = https://petstore.swagger.io/v2
2026-04-10 22:03:45 [main] INFO  BaseTest - Base URI set to: https://petstore.swagger.io/v2
2026-04-10 22:03:45 [main] INFO  PetTests - Initialized test data -> ID: 49120, Name: pet_49120
2026-04-10 22:03:45 [main] INFO  PetTests - Starting Inventory Test
2026-04-10 22:03:52 [main] INFO  PetTests - Inventory count: 518, API count: 518
2026-04-10 22:03:52 [main] INFO  BaseTest - Initializing Test Setup...
2026-04-10 22:03:52 [main] INFO  ConfigReader - Fetching config -> base.url = https://petstore.swagger.io/v2
2026-04-10 22:03:52 [main] INFO  BaseTest - Base URI set to: https://petstore.swagger.io/v2
2026-04-10 22:03:52 [main] INFO  PetTests - Initialized test data -> ID: 17145, Name: pet_17145
2026-04-10 22:03:52 [main] INFO  PetTests - Starting Pet Lifecycle Test
2026-04-10 22:04:05 [main] INFO  PetTests - Pet Lifecycle Test Completed
2026-04-10 22:04:06 [main] INFO  ExtentManager - Initializing Extent Report at: target/ExtentReport_20260410_220406.html
2026-04-10 22:04:07 [main] INFO  ExtentManager - Extent Report initialized successfully
2026-04-10 22:13:12 [main] INFO  BaseTest - Initializing Test Setup...
2026-04-10 22:13:12 [main] INFO  ConfigReader - Configuration loaded successfully from: src/test/resources/config.properties
2026-04-10 22:13:12 [main] INFO  ConfigReader - Fetching config -> base.url = https://petstore.swagger.io/v2
2026-04-10 22:13:13 [main] INFO  BaseTest - Base URI set to: https://petstore.swagger.io/v2
2026-04-10 22:13:13 [main] INFO  PetTests - Initialized test data -> ID: 29976, Name: pet_29976
2026-04-10 22:13:13 [main] INFO  PetTests - Starting Negative User Test
2026-04-10 22:13:18 [main] INFO  PetTests - Create user response code: 200
2026-04-10 22:13:21 [main] INFO  PetTests - Login response: {"code":200,"type":"unknown","message":"logged in user session:1775839402123"}
2026-04-10 22:13:21 [main] INFO  BaseTest - Initializing Test Setup...
2026-04-10 22:13:21 [main] INFO  ConfigReader - Fetching config -> base.url = https://petstore.swagger.io/v2
2026-04-10 22:13:21 [main] INFO  BaseTest - Base URI set to: https://petstore.swagger.io/v2
2026-04-10 22:13:21 [main] INFO  PetTests - Initialized test data -> ID: 99887, Name: pet_99887
2026-04-10 22:13:21 [main] INFO  PetTests - Starting Cross Endpoint Test
2026-04-10 22:13:30 [main] INFO  BaseTest - Initializing Test Setup...
2026-04-10 22:13:30 [main] INFO  ConfigReader - Fetching config -> base.url = https://petstore.swagger.io/v2
2026-04-10 22:13:30 [main] INFO  BaseTest - Base URI set to: https://petstore.swagger.io/v2
2026-04-10 22:13:30 [main] INFO  PetTests - Initialized test data -> ID: 36259, Name: pet_36259
2026-04-10 22:13:30 [main] INFO  PetTests - Starting Inventory Test
2026-04-10 22:13:34 [main] INFO  PetTests - Inventory count: 507, API count: 506
2026-04-10 22:13:34 [main] INFO  BaseTest - Initializing Test Setup...
2026-04-10 22:13:34 [main] INFO  ConfigReader - Fetching config -> base.url = https://petstore.swagger.io/v2
2026-04-10 22:13:34 [main] INFO  BaseTest - Base URI set to: https://petstore.swagger.io/v2
2026-04-10 22:13:34 [main] INFO  PetTests - Initialized test data -> ID: 83445, Name: pet_83445
2026-04-10 22:13:34 [main] INFO  PetTests - Starting Pet Lifecycle Test
2026-04-10 22:13:43 [main] INFO  PetTests - Pet Lifecycle Test Completed
2026-04-10 22:13:44 [main] INFO  ExtentManager - Initializing Extent Report at: target/ExtentReport_20260410_221344.html
2026-04-10 22:13:45 [main] INFO  ExtentManager - Extent Report initialized successfully
2026-04-10 22:17:05 [main] INFO  BaseTest - Initializing Test Setup...
2026-04-10 22:17:05 [main] INFO  ConfigReader - Configuration loaded successfully from: src/test/resources/config.properties
2026-04-10 22:17:05 [main] INFO  ConfigReader - Fetching config -> base.url = https://petstore.swagger.io/v2
2026-04-10 22:17:06 [main] INFO  BaseTest - Base URI set to: https://petstore.swagger.io/v2
2026-04-10 22:17:06 [main] INFO  PetTests - Initialized test data -> ID: 61350, Name: pet_61350
2026-04-10 22:17:06 [main] INFO  PetTests - Starting Negative User Test
2026-04-10 22:17:10 [main] INFO  PetTests - Create user response code: 200
2026-04-10 22:17:13 [main] INFO  PetTests - Login response: {"code":200,"type":"unknown","message":"logged in user session:1775839634563"}
2026-04-10 22:17:13 [main] INFO  BaseTest - Initializing Test Setup...
2026-04-10 22:17:13 [main] INFO  ConfigReader - Fetching config -> base.url = https://petstore.swagger.io/v2
2026-04-10 22:17:13 [main] INFO  BaseTest - Base URI set to: https://petstore.swagger.io/v2
2026-04-10 22:17:13 [main] INFO  PetTests - Initialized test data -> ID: 92477, Name: pet_92477
2026-04-10 22:17:13 [main] INFO  PetTests - Starting Cross Endpoint Test
2026-04-10 22:17:23 [main] INFO  BaseTest - Initializing Test Setup...
2026-04-10 22:17:23 [main] INFO  ConfigReader - Fetching config -> base.url = https://petstore.swagger.io/v2
2026-04-10 22:17:23 [main] INFO  BaseTest - Base URI set to: https://petstore.swagger.io/v2
2026-04-10 22:17:23 [main] INFO  PetTests - Initialized test data -> ID: 95931, Name: pet_95931
2026-04-10 22:17:23 [main] INFO  PetTests - Starting Inventory Test
2026-04-10 22:17:29 [main] INFO  PetTests - Inventory count: 505, API count: 505
2026-04-10 22:17:29 [main] INFO  BaseTest - Initializing Test Setup...
2026-04-10 22:17:29 [main] INFO  ConfigReader - Fetching config -> base.url = https://petstore.swagger.io/v2
2026-04-10 22:17:29 [main] INFO  BaseTest - Base URI set to: https://petstore.swagger.io/v2
2026-04-10 22:17:29 [main] INFO  PetTests - Initialized test data -> ID: 58017, Name: pet_58017
2026-04-10 22:17:29 [main] INFO  PetTests - Starting Pet Lifecycle Test
2026-04-10 22:17:37 [main] INFO  PetTests - Pet Lifecycle Test Completed
2026-04-10 22:17:39 [main] INFO  ExtentManager - Initializing Extent Report at: target/ExtentReport_20260410_221739.html
2026-04-10 22:17:40 [main] INFO  ExtentManager - Extent Report initialized successfully
2026-04-10 22:21:25 [main] INFO  BaseTest - Initializing Test Setup...
2026-04-10 22:21:25 [main] INFO  ConfigReader - Configuration loaded successfully from: src/test/resources/config.properties
2026-04-10 22:21:25 [main] INFO  ConfigReader - Fetching config -> base.url = https://petstore.swagger.io/v2
2026-04-10 22:21:26 [main] INFO  BaseTest - Base URI set to: https://petstore.swagger.io/v2
2026-04-10 22:21:26 [main] INFO  PetTests - Initialized test data -> ID: 87304, Name: pet_87304
2026-04-10 22:21:26 [main] INFO  PetTests - Starting Negative User Test
2026-04-10 22:21:30 [main] INFO  PetTests - Create user response code: 200
2026-04-10 22:21:33 [main] INFO  PetTests - Login response: {"code":200,"type":"unknown","message":"logged in user session:1775839894450"}
2026-04-10 22:21:33 [main] INFO  BaseTest - Initializing Test Setup...
2026-04-10 22:21:33 [main] INFO  ConfigReader - Fetching config -> base.url = https://petstore.swagger.io/v2
2026-04-10 22:21:33 [main] INFO  BaseTest - Base URI set to: https://petstore.swagger.io/v2
2026-04-10 22:21:33 [main] INFO  PetTests - Initialized test data -> ID: 17040, Name: pet_17040
2026-04-10 22:21:33 [main] INFO  PetTests - Starting Cross Endpoint Test
2026-04-10 22:21:42 [main] INFO  PetTests - Cross Endpoint Test Completed
2026-04-10 22:21:42 [main] INFO  BaseTest - Initializing Test Setup...
2026-04-10 22:21:42 [main] INFO  ConfigReader - Fetching config -> base.url = https://petstore.swagger.io/v2
2026-04-10 22:21:42 [main] INFO  BaseTest - Base URI set to: https://petstore.swagger.io/v2
2026-04-10 22:21:42 [main] INFO  PetTests - Initialized test data -> ID: 74660, Name: pet_74660
2026-04-10 22:21:42 [main] INFO  PetTests - Starting Inventory Test
2026-04-10 22:21:47 [main] INFO  PetTests - Inventory count: 504, API count: 504
2026-04-10 22:21:47 [main] INFO  BaseTest - Initializing Test Setup...
2026-04-10 22:21:47 [main] INFO  ConfigReader - Fetching config -> base.url = https://petstore.swagger.io/v2
2026-04-10 22:21:47 [main] INFO  BaseTest - Base URI set to: https://petstore.swagger.io/v2
2026-04-10 22:21:47 [main] INFO  PetTests - Initialized test data -> ID: 93498, Name: pet_93498
2026-04-10 22:21:47 [main] INFO  PetTests - Starting Pet Lifecycle Test
2026-04-10 22:21:55 [main] INFO  PetTests - Pet Lifecycle Test Completed
2026-04-10 22:21:57 [main] INFO  ExtentManager - Initializing Extent Report at: target/ExtentReport_20260410_222157.html
2026-04-10 22:21:57 [main] INFO  ExtentManager - Extent Report initialized successfully
2026-04-10 22:27:43 [main] INFO  BaseTest - Initializing Test Setup...
2026-04-10 22:27:43 [main] INFO  ConfigReader - Configuration loaded successfully from: src/test/resources/config.properties
2026-04-10 22:27:43 [main] INFO  ConfigReader - Fetching config -> base.url = https://petstore.swagger.io/v2
2026-04-10 22:27:44 [main] INFO  BaseTest - Base URI set to: https://petstore.swagger.io/v2
2026-04-10 22:27:44 [main] INFO  PetTests - Initialized test data -> ID: 59448, Name: pet_59448
2026-04-10 22:27:44 [main] INFO  PetTests - Starting Negative User Test
2026-04-10 22:27:49 [main] INFO  PetTests - Create user response code: 200
2026-04-10 22:27:52 [main] INFO  PetTests - Login response: {"code":200,"type":"unknown","message":"logged in user session:1775840273230"}
2026-04-10 22:27:52 [main] INFO  BaseTest - Initializing Test Setup...
2026-04-10 22:27:52 [main] INFO  ConfigReader - Fetching config -> base.url = https://petstore.swagger.io/v2
2026-04-10 22:27:52 [main] INFO  BaseTest - Base URI set to: https://petstore.swagger.io/v2
2026-04-10 22:27:52 [main] INFO  PetTests - Initialized test data -> ID: 50615, Name: pet_50615
2026-04-10 22:27:52 [main] INFO  PetTests - Starting Cross Endpoint Test
2026-04-10 22:28:06 [main] INFO  PetTests - Cross Endpoint Test Completed
2026-04-10 22:28:06 [main] INFO  BaseTest - Initializing Test Setup...
2026-04-10 22:28:06 [main] INFO  ConfigReader - Fetching config -> base.url = https://petstore.swagger.io/v2
2026-04-10 22:28:06 [main] INFO  BaseTest - Base URI set to: https://petstore.swagger.io/v2
2026-04-10 22:28:06 [main] INFO  PetTests - Initialized test data -> ID: 53932, Name: pet_53932
2026-04-10 22:28:06 [main] INFO  PetTests - Starting Inventory Test
2026-04-10 22:28:11 [main] INFO  PetTests - Inventory count: 502, API count: 501
2026-04-10 22:28:11 [main] INFO  BaseTest - Initializing Test Setup...
2026-04-10 22:28:11 [main] INFO  ConfigReader - Fetching config -> base.url = https://petstore.swagger.io/v2
2026-04-10 22:28:11 [main] INFO  BaseTest - Base URI set to: https://petstore.swagger.io/v2
2026-04-10 22:28:11 [main] INFO  PetTests - Initialized test data -> ID: 60539, Name: pet_60539
2026-04-10 22:28:11 [main] INFO  PetTests - Starting Pet Lifecycle Test
2026-04-10 22:28:19 [main] INFO  PetTests - Pet Lifecycle Test Completed
2026-04-10 22:28:21 [main] INFO  ExtentManager - Initializing Extent Report at: target/ExtentReport_20260410_222821.html
2026-04-10 22:28:22 [main] INFO  ExtentManager - Extent Report initialized successfully
2026-04-10 22:30:58 [main] INFO  BaseTest - Initializing Test Setup...
2026-04-10 22:30:58 [main] INFO  ConfigReader - Configuration loaded successfully from: src/test/resources/config.properties
2026-04-10 22:30:58 [main] INFO  ConfigReader - Fetching config -> base.url = https://petstore.swagger.io/v2
2026-04-10 22:30:59 [main] INFO  BaseTest - Base URI set to: https://petstore.swagger.io/v2
2026-04-10 22:30:59 [main] INFO  PetTests - Initialized test data -> ID: 44025, Name: pet_44025
2026-04-10 22:30:59 [main] INFO  PetTests - Starting Negative User Test
2026-04-10 22:31:05 [main] INFO  PetTests - Create user response code: 200
2026-04-10 22:31:09 [main] INFO  PetTests - Login response: {"code":200,"type":"unknown","message":"logged in user session:1775840470356"}
2026-04-10 22:31:09 [main] INFO  BaseTest - Initializing Test Setup...
2026-04-10 22:31:09 [main] INFO  ConfigReader - Fetching config -> base.url = https://petstore.swagger.io/v2
2026-04-10 22:31:09 [main] INFO  BaseTest - Base URI set to: https://petstore.swagger.io/v2
2026-04-10 22:31:09 [main] INFO  PetTests - Initialized test data -> ID: 43972, Name: pet_43972
2026-04-10 22:31:09 [main] INFO  PetTests - Starting Cross Endpoint Test
2026-04-10 22:31:19 [main] INFO  PetTests - Cross Endpoint Test Completed
2026-04-10 22:31:19 [main] INFO  BaseTest - Initializing Test Setup...
2026-04-10 22:31:19 [main] INFO  ConfigReader - Fetching config -> base.url = https://petstore.swagger.io/v2
2026-04-10 22:31:19 [main] INFO  BaseTest - Base URI set to: https://petstore.swagger.io/v2
2026-04-10 22:31:19 [main] INFO  PetTests - Initialized test data -> ID: 43197, Name: pet_43197
2026-04-10 22:31:19 [main] INFO  PetTests - Starting Inventory Test
2026-04-10 22:31:25 [main] INFO  PetTests - Inventory count: 498, API count: 498
2026-04-10 22:31:25 [main] INFO  BaseTest - Initializing Test Setup...
2026-04-10 22:31:25 [main] INFO  ConfigReader - Fetching config -> base.url = https://petstore.swagger.io/v2
2026-04-10 22:31:25 [main] INFO  BaseTest - Base URI set to: https://petstore.swagger.io/v2
2026-04-10 22:31:25 [main] INFO  PetTests - Initialized test data -> ID: 83120, Name: pet_83120
2026-04-10 22:31:25 [main] INFO  PetTests - Starting Pet Lifecycle Test
2026-04-10 22:31:35 [main] INFO  PetTests - Pet Lifecycle Test Completed
2026-04-10 22:31:37 [main] INFO  ExtentManager - Initializing Extent Report at: target/ExtentReport_20260410_223137.html
2026-04-10 22:31:37 [main] INFO  ExtentManager - Extent Report initialized successfully
2026-04-11 07:32:22 [main] INFO  BaseTest - Initializing Test Setup...
2026-04-11 07:32:22 [main] INFO  ConfigReader - Configuration loaded successfully from: src/test/resources/config.properties
2026-04-11 07:32:22 [main] INFO  ConfigReader - Fetching config -> base.url = https://petstore.swagger.io/v2
2026-04-11 07:32:23 [main] INFO  BaseTest - Base URI set to: https://petstore.swagger.io/v2
2026-04-11 07:32:23 [main] INFO  PetTests - Initialized test data -> ID: 46969, Name: pet_46969
2026-04-11 07:32:23 [main] INFO  PetTests - Starting Negative User Test
2026-04-11 07:32:27 [main] INFO  PetTests - Create user response code: 200
2026-04-11 07:32:31 [main] INFO  PetTests - Login response: {"code":200,"type":"unknown","message":"logged in user session:1775872951300"}
2026-04-11 07:32:31 [main] INFO  BaseTest - Initializing Test Setup...
2026-04-11 07:32:31 [main] INFO  ConfigReader - Fetching config -> base.url = https://petstore.swagger.io/v2
2026-04-11 07:32:31 [main] INFO  BaseTest - Base URI set to: https://petstore.swagger.io/v2
2026-04-11 07:32:31 [main] INFO  PetTests - Initialized test data -> ID: 20564, Name: pet_20564
2026-04-11 07:32:31 [main] INFO  PetTests - Starting Cross Endpoint Test
2026-04-11 07:32:41 [main] INFO  BaseTest - Initializing Test Setup...
2026-04-11 07:32:41 [main] INFO  ConfigReader - Fetching config -> base.url = https://petstore.swagger.io/v2
2026-04-11 07:32:41 [main] INFO  BaseTest - Base URI set to: https://petstore.swagger.io/v2
2026-04-11 07:32:41 [main] INFO  PetTests - Initialized test data -> ID: 53663, Name: pet_53663
2026-04-11 07:32:41 [main] INFO  PetTests - Starting Inventory Test
2026-04-11 07:32:46 [main] INFO  PetTests - Inventory count: 450, API count: 450
2026-04-11 07:32:46 [main] INFO  BaseTest - Initializing Test Setup...
2026-04-11 07:32:46 [main] INFO  ConfigReader - Fetching config -> base.url = https://petstore.swagger.io/v2
2026-04-11 07:32:46 [main] INFO  BaseTest - Base URI set to: https://petstore.swagger.io/v2
2026-04-11 07:32:46 [main] INFO  PetTests - Initialized test data -> ID: 12728, Name: pet_12728
2026-04-11 07:32:46 [main] INFO  PetTests - Starting Pet Lifecycle Test
2026-04-11 07:32:54 [main] INFO  PetTests - Pet Lifecycle Test Completed
2026-04-11 07:32:56 [main] INFO  ExtentManager - Initializing Extent Report at: target/ExtentReport_20260411_073256.html
2026-04-11 07:32:57 [main] INFO  ExtentManager - Extent Report initialized successfully
