2026-05-04 18:32:17 [main] INFO  BaseTest - Initializing Test Setup...
2026-05-04 18:32:18 [main] INFO  ConfigReader - Configuration loaded successfully from: src/test/resources/config.properties
2026-05-04 18:32:18 [main] INFO  ConfigReader - Fetching config -> base.url = https://petstore.swagger.io/v2
2026-05-04 18:32:20 [main] INFO  BaseTest - Base URI set to: https://petstore.swagger.io/v2
2026-05-04 18:32:20 [main] INFO  PetTests - Initialized test data -> ID: 46544, Name: pet_46544
2026-05-04 18:32:20 [main] INFO  PetTests - Starting Negative User Test
2026-05-04 18:32:26 [main] INFO  PetTests - Create user response code: 200
2026-05-04 18:32:30 [main] INFO  PetTests - Login response: {"code":200,"type":"unknown","message":"logged in user session:1777899752384"}
2026-05-04 18:32:30 [main] INFO  BaseTest - Initializing Test Setup...
2026-05-04 18:32:30 [main] INFO  ConfigReader - Fetching config -> base.url = https://petstore.swagger.io/v2
2026-05-04 18:32:30 [main] INFO  BaseTest - Base URI set to: https://petstore.swagger.io/v2
2026-05-04 18:32:30 [main] INFO  PetTests - Initialized test data -> ID: 76014, Name: pet_76014
2026-05-04 18:32:30 [main] INFO  PetTests - Starting Cross Endpoint Test
2026-05-04 18:32:39 [main] INFO  PetTests - Cross Endpoint Test Completed
2026-05-04 18:32:39 [main] INFO  BaseTest - Initializing Test Setup...
2026-05-04 18:32:39 [main] INFO  ConfigReader - Fetching config -> base.url = https://petstore.swagger.io/v2
2026-05-04 18:32:39 [main] INFO  BaseTest - Base URI set to: https://petstore.swagger.io/v2
2026-05-04 18:32:39 [main] INFO  PetTests - Initialized test data -> ID: 75426, Name: pet_75426
2026-05-04 18:32:39 [main] INFO  PetTests - Starting Inventory Test
2026-05-04 18:32:44 [main] INFO  PetTests - Inventory count: 658, API count: 658
2026-05-04 18:32:44 [main] INFO  BaseTest - Initializing Test Setup...
2026-05-04 18:32:44 [main] INFO  ConfigReader - Fetching config -> base.url = https://petstore.swagger.io/v2
2026-05-04 18:32:44 [main] INFO  BaseTest - Base URI set to: https://petstore.swagger.io/v2
2026-05-04 18:32:44 [main] INFO  PetTests - Initialized test data -> ID: 44968, Name: pet_44968
2026-05-04 18:32:44 [main] INFO  PetTests - Starting Pet Lifecycle Test
2026-05-04 18:32:54 [main] INFO  PetTests - Pet Lifecycle Test Completed
2026-05-04 18:32:57 [main] INFO  ExtentManager - Initializing Extent Report at: target/ExtentReport_20260504_183257.html
2026-05-04 18:32:59 [main] INFO  ExtentManager - Extent Report initialized successfully
